// Jest Snapshot v1, https://goo.gl/fbAQLP

exports[`validator module casters throws error if a function expression is passed to castToString() 1`] = `
"Cannot cast >>val => {
  /* istanbul ignore next */
  cov_zrany366n.f[1]++;
  cov_zrany366n.s[3]++;
  return typeof val === 'string';
}<< to String"
`;

exports[`validator module casters throws error if a function expression is passed to castToString() 2`] = `"Cannot cast >>undefined<< to String"`;

exports[`validator module casters throws error if value is not castable to number 1`] = `"Cannot cast >>hi<< to Number"`;

exports[`validator module casters throws error if value is not castable to number 2`] = `"Cannot cast >>[object Object]<< to Number"`;
